import time: self [us] | cumulative | imported package
import time:       335 |        335 | winreg
import time:       433 |        433 |   _io
import time:       124 |        124 |   marshal
import time:       562 |        562 |   nt
import time:      3503 |       4620 | _frozen_importlib_external
import time:       931 |        931 |   time
import time:      2275 |       3206 | zipimport
import time:       146 |        146 |     _codecs
import time:      1873 |       2018 |   codecs
import time:      2663 |       2663 |   encodings.aliases
import time:      1472 |       1472 |   encodings._win_cp_codecs
import time:      5167 |      11319 | encodings
import time:      1305 |       1305 | encodings.utf_8
import time:      2366 |       2366 | encodings.cp1252
import time:       152 |        152 | _signal
import time:       109 |        109 |       _abc
import time:       980 |       1089 |     abc
import time:       329 |        329 |       _stat
import time:       875 |       1203 |     stat
import time:      1971 |       1971 |     _collections_abc
import time:       213 |        213 |       genericpath
import time:       251 |        251 |       _winapi
import time:      1288 |       1751 |     ntpath
import time:      2582 |       8594 |   os
import time:       289 |        289 |   _sitebuiltins
import time:       172 |        172 |   errno
import time:      6654 |       6654 |   encodings.utf_8_sig
import time:      2820 |       2820 |   _distutils_hack
import time:       801 |        801 |   sitecustomize
import time:       421 |        421 |   usercustomize
import time:      6925 |      26672 | site
import time:       354 |        354 |       itertools
import time:      1426 |       1426 |       keyword
import time:       246 |        246 |         _operator
import time:      2285 |       2530 |       operator
import time:      2010 |       2010 |       reprlib
import time:       275 |        275 |       _collections
import time:      6498 |      13090 |     collections
import time:       488 |      13578 |   collections.abc
import time:      1356 |       1356 |   linecache
import time:       158 |        158 |           _types
import time:      2452 |       2609 |         types
import time:      4365 |       6974 |       enum
import time:       228 |        228 |         _sre
import time:      2099 |       2099 |           re._constants
import time:      2177 |       4276 |         re._parser
import time:      1355 |       1355 |         re._casefix
import time:      3325 |       9183 |       re._compiler
import time:       219 |        219 |         _functools
import time:      2930 |       3149 |       functools
import time:      1401 |       1401 |       copyreg
import time:      4423 |      25127 |     re
import time:      5111 |      30238 |   textwrap
import time:       157 |        157 |       _contextvars
import time:      2373 |       2530 |     _py_warnings
import time:      2139 |       4668 |   warnings
import time:      2363 |       2363 |     __future__
import time:      2885 |       5248 |   codeop
import time:       511 |        511 |     io
import time:      6154 |       6154 |     token
import time:       158 |        158 |     _tokenize
import time:      9259 |      16080 |   tokenize
import time:      2233 |       2233 |           _weakrefset
import time:      3942 |       6175 |         weakref
import time:      2941 |       9115 |       copy
import time:       225 |        225 |             _ast
import time:      2952 |       3176 |           ast
import time:      3701 |       6877 |         annotationlib
import time:       165 |        165 |             _opcode
import time:      2210 |       2210 |             _opcode_metadata
import time:      3989 |       6363 |           opcode
import time:      3526 |       9888 |         dis
import time:      2266 |       2266 |           importlib
import time:       671 |       2937 |         importlib.machinery
import time:      8302 |      28004 |       inspect
import time:      3850 |      40968 |     dataclasses
import time:     14340 |      55308 |   _colorize
import time:      2310 |       2310 |   contextlib
import time:      7577 |     136358 | traceback
import time:       169 |        169 | _suggestions
  File "<string>", line 1
    import
          ^
SyntaxError: Expected one or more names after 'import'
